C:/Users/mario/OneDrive/Área de Trabalho/AtividadeEmbarcados/Projeto 3 - Conexão UART/PlacaNucleo/Core/Src/main.c:91:5:main	11
C:/Users/mario/OneDrive/Área de Trabalho/AtividadeEmbarcados/Projeto 3 - Conexão UART/PlacaNucleo/Core/Src/main.c:195:6:SystemClock_Config	4
C:/Users/mario/OneDrive/Área de Trabalho/AtividadeEmbarcados/Projeto 3 - Conexão UART/PlacaNucleo/Core/Src/main.c:245:13:MX_USART1_UART_Init	2
C:/Users/mario/OneDrive/Área de Trabalho/AtividadeEmbarcados/Projeto 3 - Conexão UART/PlacaNucleo/Core/Src/main.c:268:13:MX_USART2_UART_Init	2
C:/Users/mario/OneDrive/Área de Trabalho/AtividadeEmbarcados/Projeto 3 - Conexão UART/PlacaNucleo/Core/Src/main.c:289:13:MX_DMA_Init	1
C:/Users/mario/OneDrive/Área de Trabalho/AtividadeEmbarcados/Projeto 3 - Conexão UART/PlacaNucleo/Core/Src/main.c:314:13:MX_GPIO_Init	1
C:/Users/mario/OneDrive/Área de Trabalho/AtividadeEmbarcados/Projeto 3 - Conexão UART/PlacaNucleo/Core/Src/main.c:346:6:HAL_GPIO_EXTI_Callback	3
C:/Users/mario/OneDrive/Área de Trabalho/AtividadeEmbarcados/Projeto 3 - Conexão UART/PlacaNucleo/Core/Src/main.c:363:6:HAL_UART_RxCpltCallback	2
C:/Users/mario/OneDrive/Área de Trabalho/AtividadeEmbarcados/Projeto 3 - Conexão UART/PlacaNucleo/Core/Src/main.c:374:6:Error_Handler	1
