C:/Users/mario/OneDrive/Área de Trabalho/AtividadeEmbarcados/Projeto 3 - Conexão UART/PlacaNucleo/Core/Src/main.c:91:5:main	48	static
C:/Users/mario/OneDrive/Área de Trabalho/AtividadeEmbarcados/Projeto 3 - Conexão UART/PlacaNucleo/Core/Src/main.c:195:6:SystemClock_Config	96	static
C:/Users/mario/OneDrive/Área de Trabalho/AtividadeEmbarcados/Projeto 3 - Conexão UART/PlacaNucleo/Core/Src/main.c:245:13:MX_USART1_UART_Init	8	static
C:/Users/mario/OneDrive/Área de Trabalho/AtividadeEmbarcados/Projeto 3 - Conexão UART/PlacaNucleo/Core/Src/main.c:268:13:MX_USART2_UART_Init	8	static
C:/Users/mario/OneDrive/Área de Trabalho/AtividadeEmbarcados/Projeto 3 - Conexão UART/PlacaNucleo/Core/Src/main.c:289:13:MX_DMA_Init	16	static
C:/Users/mario/OneDrive/Área de Trabalho/AtividadeEmbarcados/Projeto 3 - Conexão UART/PlacaNucleo/Core/Src/main.c:314:13:MX_GPIO_Init	48	static
C:/Users/mario/OneDrive/Área de Trabalho/AtividadeEmbarcados/Projeto 3 - Conexão UART/PlacaNucleo/Core/Src/main.c:346:6:HAL_GPIO_EXTI_Callback	16	static
C:/Users/mario/OneDrive/Área de Trabalho/AtividadeEmbarcados/Projeto 3 - Conexão UART/PlacaNucleo/Core/Src/main.c:363:6:HAL_UART_RxCpltCallback	16	static
C:/Users/mario/OneDrive/Área de Trabalho/AtividadeEmbarcados/Projeto 3 - Conexão UART/PlacaNucleo/Core/Src/main.c:374:6:Error_Handler	4	static,ignoring_inline_asm
