23:10:31 **** Incremental Build of configuration Debug for project PlacaDiscovery ****
make -j12 all 
arm-none-eabi-size  PlacaDiscovery.elf 
   text	   data	    bss	    dec	    hex	filename
  17956	    132	   1996	  20084	   4e74	PlacaDiscovery.elf
Finished building: default.size.stdout
 
23:10:45 **** Incremental Build of configuration Debug for project PlacaDiscovery ****
make -j12 all 
arm-none-eabi-size  PlacaDiscovery.elf 
   text	   data	    bss	    dec	    hex	filename
  17956	    132	   1996	  20084	   4e74	PlacaDiscovery.elf
Finished building: default.size.stdout
 
23:12:39 **** Incremental Build of configuration Debug for project PlacaNucleo ****
make -j12 all 
arm-none-eabi-size  PlacaNucleo.elf 
   text	   data	    bss	    dec	    hex	filename
  23660	     96	   3088	  26844	   68dc	PlacaNucleo.elf
Finished building: default.size.stdout
 
23:23:37 **** Incremental Build of configuration Debug for project PlacaNucleo ****
make -j12 all 
arm-none-eabi-size  PlacaNucleo.elf 
   text	   data	    bss	    dec	    hex	filename
  23660	     96	   3088	  26844	   68dc	PlacaNucleo.elf
Finished building: default.size.stdout
 
23:24:24 **** Incremental Build of configuration Debug for project PlacaNucleo ****
make -j12 all 
arm-none-eabi-size  PlacaNucleo.elf 
   text	   data	    bss	    dec	    hex	filename
  23660	     96	   3088	  26844	   68dc	PlacaNucleo.elf
Finished building: default.size.stdout
 
