C:/Users/mario/OneDrive/Área de Trabalho/AtividadeEmbarcados/Projeto 3 - Conexão UART/PlacaDiscovery/Core/Src/main.c:78:5:main	8	static
C:/Users/mario/OneDrive/Área de Trabalho/AtividadeEmbarcados/Projeto 3 - Conexão UART/PlacaDiscovery/Core/Src/main.c:126:6:SystemClock_Config	88	static
C:/Users/mario/OneDrive/Área de Trabalho/AtividadeEmbarcados/Projeto 3 - Conexão UART/PlacaDiscovery/Core/Src/main.c:172:13:MX_I2S3_Init	8	static
C:/Users/mario/OneDrive/Área de Trabalho/AtividadeEmbarcados/Projeto 3 - Conexão UART/PlacaDiscovery/Core/Src/main.c:206:13:MX_SPI1_Init	8	static
C:/Users/mario/OneDrive/Área de Trabalho/AtividadeEmbarcados/Projeto 3 - Conexão UART/PlacaDiscovery/Core/Src/main.c:244:13:MX_USART1_UART_Init	8	static
C:/Users/mario/OneDrive/Área de Trabalho/AtividadeEmbarcados/Projeto 3 - Conexão UART/PlacaDiscovery/Core/Src/main.c:275:13:MX_DMA_Init	16	static
C:/Users/mario/OneDrive/Área de Trabalho/AtividadeEmbarcados/Projeto 3 - Conexão UART/PlacaDiscovery/Core/Src/main.c:296:13:MX_GPIO_Init	56	static
C:/Users/mario/OneDrive/Área de Trabalho/AtividadeEmbarcados/Projeto 3 - Conexão UART/PlacaDiscovery/Core/Src/main.c:403:6:HAL_GPIO_EXTI_Callback	16	static
C:/Users/mario/OneDrive/Área de Trabalho/AtividadeEmbarcados/Projeto 3 - Conexão UART/PlacaDiscovery/Core/Src/main.c:409:6:HAL_UART_RxCpltCallback	16	static
C:/Users/mario/OneDrive/Área de Trabalho/AtividadeEmbarcados/Projeto 3 - Conexão UART/PlacaDiscovery/Core/Src/main.c:436:6:Error_Handler	4	static,ignoring_inline_asm
