Archive member included to satisfy reference by file (symbol)

C:/ST/STM32CubeIDE_2.1.1/STM32CubeIDE/plugins/com.st.stm32cube.ide.mcu.externaltools.gnu-tools-for-stm32.14.3.rel1.win32_1.0.100.202602081740/tools/bin/../lib/gcc/arm-none-eabi/14.3.1/../../../../arm-none-eabi/lib/thumb/v7e-m+fp/hard\libc_nano.a(libc_a-exit.o)
                              C:/ST/STM32CubeIDE_2.1.1/STM32CubeIDE/plugins/com.st.stm32cube.ide.mcu.externaltools.gnu-tools-for-stm32.14.3.rel1.win32_1.0.100.202602081740/tools/bin/../lib/gcc/arm-none-eabi/14.3.1/../../../../arm-none-eabi/lib/thumb/v7e-m+fp/hard/crt0.o (exit)
C:/ST/STM32CubeIDE_2.1.1/STM32CubeIDE/plugins/com.st.stm32cube.ide.mcu.externaltools.gnu-tools-for-stm32.14.3.rel1.win32_1.0.100.202602081740/tools/bin/../lib/gcc/arm-none-eabi/14.3.1/../../../../arm-none-eabi/lib/thumb/v7e-m+fp/hard\libc_nano.a(libc_a-findfp.o)
                              C:/ST/STM32CubeIDE_2.1.1/STM32CubeIDE/plugins/com.st.stm32cube.ide.mcu.externaltools.gnu-tools-for-stm32.14.3.rel1.win32_1.0.100.202602081740/tools/bin/../lib/gcc/arm-none-eabi/14.3.1/../../../../arm-none-eabi/lib/thumb/v7e-m+fp/hard\libc_nano.a(libc_a-exit.o) (__stdio_exit_handler)
C:/ST/STM32CubeIDE_2.1.1/STM32CubeIDE/plugins/com.st.stm32cube.ide.mcu.externaltools.gnu-tools-for-stm32.14.3.rel1.win32_1.0.100.202602081740/tools/bin/../lib/gcc/arm-none-eabi/14.3.1/../../../../arm-none-eabi/lib/thumb/v7e-m+fp/hard\libc_nano.a(libc_a-fwalk.o)
                              C:/ST/STM32CubeIDE_2.1.1/STM32CubeIDE/plugins/com.st.stm32cube.ide.mcu.externaltools.gnu-tools-for-stm32.14.3.rel1.win32_1.0.100.202602081740/tools/bin/../lib/gcc/arm-none-eabi/14.3.1/../../../../arm-none-eabi/lib/thumb/v7e-m+fp/hard\libc_nano.a(libc_a-findfp.o) (_fwalk_sglue)
C:/ST/STM32CubeIDE_2.1.1/STM32CubeIDE/plugins/com.st.stm32cube.ide.mcu.externaltools.gnu-tools-for-stm32.14.3.rel1.win32_1.0.100.202602081740/tools/bin/../lib/gcc/arm-none-eabi/14.3.1/../../../../arm-none-eabi/lib/thumb/v7e-m+fp/hard\libc_nano.a(libc_a-stdio.o)
                              C:/ST/STM32CubeIDE_2.1.1/STM32CubeIDE/plugins/com.st.stm32cube.ide.mcu.externaltools.gnu-tools-for-stm32.14.3.rel1.win32_1.0.100.202602081740/tools/bin/../lib/gcc/arm-none-eabi/14.3.1/../../../../arm-none-eabi/lib/thumb/v7e-m+fp/hard\libc_nano.a(libc_a-findfp.o) (__sread)
C:/ST/STM32CubeIDE_2.1.1/STM32CubeIDE/plugins/com.st.stm32cube.ide.mcu.externaltools.gnu-tools-for-stm32.14.3.rel1.win32_1.0.100.202602081740/tools/bin/../lib/gcc/arm-none-eabi/14.3.1/../../../../arm-none-eabi/lib/thumb/v7e-m+fp/hard\libc_nano.a(libc_a-memset.o)
                              C:/ST/STM32CubeIDE_2.1.1/STM32CubeIDE/plugins/com.st.stm32cube.ide.mcu.externaltools.gnu-tools-for-stm32.14.3.rel1.win32_1.0.100.202602081740/tools/bin/../lib/gcc/arm-none-eabi/14.3.1/../../../../arm-none-eabi/lib/thumb/v7e-m+fp/hard/crt0.o (memset)
C:/ST/STM32CubeIDE_2.1.1/STM32CubeIDE/plugins/com.st.stm32cube.ide.mcu.externaltools.gnu-tools-for-stm32.14.3.rel1.win32_1.0.100.202602081740/tools/bin/../lib/gcc/arm-none-eabi/14.3.1/../../../../arm-none-eabi/lib/thumb/v7e-m+fp/hard\libc_nano.a(libc_a-closer.o)
                              C:/ST/STM32CubeIDE_2.1.1/STM32CubeIDE/plugins/com.st.stm32cube.ide.mcu.externaltools.gnu-tools-for-stm32.14.3.rel1.win32_1.0.100.202602081740/tools/bin/../lib/gcc/arm-none-eabi/14.3.1/../../../../arm-none-eabi/lib/thumb/v7e-m+fp/hard\libc_nano.a(libc_a-stdio.o) (_close_r)
C:/ST/STM32CubeIDE_2.1.1/STM32CubeIDE/plugins/com.st.stm32cube.ide.mcu.externaltools.gnu-tools-for-stm32.14.3.rel1.win32_1.0.100.202602081740/tools/bin/../lib/gcc/arm-none-eabi/14.3.1/../../../../arm-none-eabi/lib/thumb/v7e-m+fp/hard\libc_nano.a(libc_a-reent.o)
                              C:/ST/STM32CubeIDE_2.1.1/STM32CubeIDE/plugins/com.st.stm32cube.ide.mcu.externaltools.gnu-tools-for-stm32.14.3.rel1.win32_1.0.100.202602081740/tools/bin/../lib/gcc/arm-none-eabi/14.3.1/../../../../arm-none-eabi/lib/thumb/v7e-m+fp/hard\libc_nano.a(libc_a-closer.o) (errno)
C:/ST/STM32CubeIDE_2.1.1/STM32CubeIDE/plugins/com.st.stm32cube.ide.mcu.externaltools.gnu-tools-for-stm32.14.3.rel1.win32_1.0.100.202602081740/tools/bin/../lib/gcc/arm-none-eabi/14.3.1/../../../../arm-none-eabi/lib/thumb/v7e-m+fp/hard\libc_nano.a(libc_a-impure.o)
                              C:/ST/STM32CubeIDE_2.1.1/STM32CubeIDE/plugins/com.st.stm32cube.ide.mcu.externaltools.gnu-tools-for-stm32.14.3.rel1.win32_1.0.100.202602081740/tools/bin/../lib/gcc/arm-none-eabi/14.3.1/../../../../arm-none-eabi/lib/thumb/v7e-m+fp/hard\libc_nano.a(libc_a-reent.o) (_impure_ptr)
C:/ST/STM32CubeIDE_2.1.1/STM32CubeIDE/plugins/com.st.stm32cube.ide.mcu.externaltools.gnu-tools-for-stm32.14.3.rel1.win32_1.0.100.202602081740/tools/bin/../lib/gcc/arm-none-eabi/14.3.1/../../../../arm-none-eabi/lib/thumb/v7e-m+fp/hard\libc_nano.a(libc_a-lseekr.o)
[...]
Memory Configuration

Name             Origin             Length             Attributes
CCMRAM           0x10000000         0x00010000         xrw
RAM              0x20000000         0x00020000         xrw
FLASH            0x08000000         0x00100000         xr
*default*        0x00000000         0xffffffff

Linker script and memory map

LOAD C:/ST/STM32CubeIDE_2.1.1/STM32CubeIDE/plugins/com.st.stm32cube.ide.mcu.externaltools.gnu-tools-for-stm32.14.3.rel1.win32_1.0.100.202602081740/tools/bin/../lib/gcc/arm-none-eabi/14.3.1/thumb/v7e-m+fp/hard/crti.o
LOAD C:/ST/STM32CubeIDE_2.1.1/STM32CubeIDE/plugins/com.st.stm32cube.ide.mcu.externaltools.gnu-tools-for-stm32.14.3.rel1.win32_1.0.100.202602081740/tools/bin/../lib/gcc/arm-none-eabi/14.3.1/thumb/v7e-m+fp/hard/crtbegin.o
LOAD C:/ST/STM32CubeIDE_2.1.1/STM32CubeIDE/plugins/com.st.stm32cube.ide.mcu.externaltools.gnu-tools-for-stm32.14.3.rel1.win32_1.0.100.202602081740/tools/bin/../lib/gcc/arm-none-eabi/14.3.1/../../../../arm-none-eabi/lib/thumb/v7e-m+fp/hard/crt0.o
LOAD ./Application/User/Core/main.o
LOAD ./Application/User/Core/stm32f4xx_hal_msp.o
LOAD ./Application/User/Core/stm32f4xx_it.o
LOAD ./Application/User/Core/syscalls.o
LOAD ./Application/User/Core/sysmem.o
LOAD ./Application/User/Startup/startup_stm32f407vgtx.o
LOAD ./Drivers/CMSIS/system_stm32f4xx.o
LOAD ./Drivers/STM32F4xx_HAL_Driver/stm32f4xx_hal.o
LOAD ./Drivers/STM32F4xx_HAL_Driver/stm32f4xx_hal_cortex.o
LOAD ./Drivers/STM32F4xx_HAL_Driver/stm32f4xx_hal_dma.o
LOAD ./Drivers/STM32F4xx_HAL_Driver/stm32f4xx_hal_dma_ex.o
LOAD ./Drivers/STM32F4xx_HAL_Driver/stm32f4xx_hal_exti.o
LOAD ./Drivers/STM32F4xx_HAL_Driver/stm32f4xx_hal_flash.o
LOAD ./Drivers/STM32F4xx_HAL_Driver/stm32f4xx_hal_flash_ex.o
LOAD ./Drivers/STM32F4xx_HAL_Driver/stm32f4xx_hal_flash_ramfunc.o
LOAD ./Drivers/STM32F4xx_HAL_Driver/stm32f4xx_hal_gpio.o
LOAD ./Drivers/STM32F4xx_HAL_Driver/stm32f4xx_hal_i2s.o
LOAD ./Drivers/STM32F4xx_HAL_Driver/stm32f4xx_hal_i2s_ex.o
LOAD ./Drivers/STM32F4xx_HAL_Driver/stm32f4xx_hal_pwr.o
LOAD ./Drivers/STM32F4xx_HAL_Driver/stm32f4xx_hal_pwr_ex.o
LOAD ./Drivers/STM32F4xx_HAL_Driver/stm32f4xx_hal_rcc.o
LOAD ./Drivers/STM32F4xx_HAL_Driver/stm32f4xx_hal_rcc_ex.o
LOAD ./Drivers/STM32F4xx_HAL_Driver/stm32f4xx_hal_spi.o
LOAD ./Drivers/STM32F4xx_HAL_Driver/stm32f4xx_hal_uart.o
START GROUP
LOAD C:/ST/STM32CubeIDE_2.1.1/STM32CubeIDE/plugins/com.st.stm32cube.ide.mcu.externaltools.gnu-tools-for-stm32.14.3.rel1.win32_1.0.100.202602081740/tools/bin/../lib/gcc/arm-none-eabi/14.3.1/../../../../arm-none-eabi/lib/thumb/v7e-m+fp/hard\libc_nano.a
LOAD C:/ST/STM32CubeIDE_2.1.1/STM32CubeIDE/plugins/com.st.stm32cube.ide.mcu.externaltools.gnu-tools-for-stm32.14.3.rel1.win32_1.0.100.202602081740/tools/bin/../lib/gcc/arm-none-eabi/14.3.1/../../../../arm-none-eabi/lib/thumb/v7e-m+fp/hard\libm.a
END GROUP
START GROUP
LOAD C:/ST/STM32CubeIDE_2.1.1/STM32CubeIDE/plugins/com.st.stm32cube.ide.mcu.externaltools.gnu-tools-for-stm32.14.3.rel1.win32_1.0.100.202602081740/tools/bin/../lib/gcc/arm-none-eabi/14.3.1/thumb/v7e-m+fp/hard\libgcc.a
LOAD C:/ST/STM32CubeIDE_2.1.1/STM32CubeIDE/plugins/com.st.stm32cube.ide.mcu.externaltools.gnu-tools-for-stm32.14.3.rel1.win32_1.0.100.202602081740/tools/bin/../lib/gcc/arm-none-eabi/14.3.1/../../../../arm-none-eabi/lib/thumb/v7e-m+fp/hard\libc_nano.a
END GROUP
START GROUP
LOAD C:/ST/STM32CubeIDE_2.1.1/STM32CubeIDE/plugins/com.st.stm32cube.ide.mcu.externaltools.gnu-tools-for-stm32.14.3.rel1.win32_1.0.100.202602081740/tools/bin/../lib/gcc/arm-none-eabi/14.3.1/thumb/v7e-m+fp/hard\libgcc.a
LOAD C:/ST/STM32CubeIDE_2.1.1/STM32CubeIDE/plugins/com.st.stm32cube.ide.mcu.externaltools.gnu-tools-for-stm32.14.3.rel1.win32_1.0.100.202602081740/tools/bin/../lib/gcc/arm-none-eabi/14.3.1/../../../../arm-none-eabi/lib/thumb/v7e-m+fp/hard\libc_nano.a
LOAD C:/ST/STM32CubeIDE_2.1.1/STM32CubeIDE/plugins/com.st.stm32cube.ide.mcu.externaltools.gnu-tools-for-stm32.14.3.rel1.win32_1.0.100.202602081740/tools/bin/../lib/gcc/arm-none-eabi/14.3.1/../../../../arm-none-eabi/lib/thumb/v7e-m+fp/hard\libnosys.a
END GROUP
START GROUP
LOAD C:/ST/STM32CubeIDE_2.1.1/STM32CubeIDE/plugins/com.st.stm32cube.ide.mcu.externaltools.gnu-tools-for-stm32.14.3.rel1.win32_1.0.100.202602081740/tools/bin/../lib/gcc/arm-none-eabi/14.3.1/thumb/v7e-m+fp/hard\libgcc.a
LOAD C:/ST/STM32CubeIDE_2.1.1/STM32CubeIDE/plugins/com.st.stm32cube.ide.mcu.externaltools.gnu-tools-for-stm32.14.3.rel1.win32_1.0.100.202602081740/tools/bin/../lib/gcc/arm-none-eabi/14.3.1/../../../../arm-none-eabi/lib/thumb/v7e-m+fp/hard\libc_nano.a
LOAD C:/ST/STM32CubeIDE_2.1.1/STM32CubeIDE/plugins/com.st.stm32cube.ide.mcu.externaltools.gnu-tools-for-stm32.14.3.rel1.win32_1.0.100.202602081740/tools/bin/../lib/gcc/arm-none-eabi/14.3.1/../../../../arm-none-eabi/lib/thumb/v7e-m+fp/hard\libnosys.a
END GROUP
LOAD C:/ST/STM32CubeIDE_2.1.1/STM32CubeIDE/plugins/com.st.stm32cube.ide.mcu.externaltools.gnu-tools-for-stm32.14.3.rel1.win32_1.0.100.202602081740/tools/bin/../lib/gcc/arm-none-eabi/14.3.1/thumb/v7e-m+fp/hard/crtend.o
LOAD C:/ST/STM32CubeIDE_2.1.1/STM32CubeIDE/plugins/com.st.stm32cube.ide.mcu.externaltools.gnu-tools-for-stm32.14.3.rel1.win32_1.0.100.202602081740/tools/bin/../lib/gcc/arm-none-eabi/14.3.1/thumb/v7e-m+fp/hard/crtn.o
                0x20020000                        _estack = (ORIGIN (RAM) + LENGTH (RAM))
                0x00000200                        _Min_Heap_Size = 0x200
                0x00000400                        _Min_Stack_Size = 0x400

.isr_vector     0x08000000      0x188
                0x08000000                        . = ALIGN (0x4)
 *(.isr_vector)
 .isr_vector    0x08000000      0x188 ./Application/User/Startup/startup_stm32f407vgtx.o
                0x08000000                g_pfnVectors
                0x08000188                        . = ALIGN (0x4)

.text           0x08000188     0x446c
                0x08000188                        . = ALIGN (0x4)
 *(.text)
 .text          0x08000188       0x40 C:/ST/STM32CubeIDE_2.1.1/STM32CubeIDE/plugins/com.st.stm32cube.ide.mcu.externaltools.gnu-tools-for-stm32.14.3.rel1.win32_1.0.100.202602081740/tools/bin/../lib/gcc/arm-none-eabi/14.3.1/thumb/v7e-m+fp/hard/crtbegin.o
 .text          0x080001c8       0x10 C:/ST/STM32CubeIDE_2.1.1/STM32CubeIDE/plugins/com.st.stm32cube.ide.mcu.externaltools.gnu-tools-for-stm32.14.3.rel1.win32_1.0.100.202602081740/tools/bin/../lib/gcc/arm-none-eabi/14.3.1/../../../../arm-none-eabi/lib/thumb/v7e-m+fp/hard\libc_nano.a(libc_a-strlen.o)
                0x080001c8                strlen
 .text          0x080001d8       0x30 C:/ST/STM32CubeIDE_2.1.1/STM32CubeIDE/plugins/com.st.stm32cube.ide.mcu.externaltools.gnu-tools-for-stm32.14.3.rel1.win32_1.0.100.202602081740/tools/bin/../lib/gcc/arm-none-eabi/14.3.1/thumb/v7e-m+fp/hard\libgcc.a(_aeabi_uldivmod.o)
                0x080001d8                __aeabi_uldivmod
 .text          0x08000208      0x2f8 C:/ST/STM32CubeIDE_2.1.1/STM32CubeIDE/plugins/com.st.stm32cube.ide.mcu.externaltools.gnu-tools-for-stm32.14.3.rel1.win32_1.0.100.202602081740/tools/bin/../lib/gcc/arm-none-eabi/14.3.1/thumb/v7e-m+fp/hard\libgcc.a(_udivmoddi4.o)
                0x08000208                __udivmoddi4
 .text          0x08000500        0x4 C:/ST/STM32CubeIDE_2.1.1/STM32CubeIDE/plugins/com.st.stm32cube.ide.mcu.externaltools.gnu-tools-for-stm32.14.3.rel1.win32_1.0.100.202602081740/tools/bin/../lib/gcc/arm-none-eabi/14.3.1/thumb/v7e-m+fp/hard\libgcc.a(_dvmd_tls.o)
                0x08000500                __aeabi_idiv0
                0x08000500                __aeabi_ldiv0
 *(.text*)
 .text.main     0x08000504       0x38 ./Application/User/Core/main.o
                0x08000504                main
 .text.SystemClock_Config
                0x0800053c       0xd4 ./Application/User/Core/main.o
                0x0800053c                SystemClock_Config
 .text.MX_I2S3_Init
                0x08000610       0x60 ./Application/User/Core/main.o
 .text.MX_SPI1_Init
                0x08000670       0x6c ./Application/User/Core/main.o
 .text.MX_USART1_UART_Init
                0x080006dc       0x54 ./Application/User/Core/main.o
 .text.MX_DMA_Init
                0x08000730       0x50 ./Application/User/Core/main.o
 .text.MX_GPIO_Init
                0x08000780      0x22c ./Application/User/Core/main.o
 .text.HAL_GPIO_EXTI_Callback
                0x080009ac       0x2c ./Application/User/Core/main.o
                0x080009ac                HAL_GPIO_EXTI_Callback
 .text.HAL_UART_RxCpltCallback
                0x080009d8       0x64 ./Application/User/Core/main.o
                0x080009d8                HAL_UART_RxCpltCallback
 .text.Error_Handler
                0x08000a3c        0xc ./Application/User/Core/main.o
                0x08000a3c                Error_Handler
 .text.HAL_MspInit
                0x08000a48       0x50 ./Application/User/Core/stm32f4xx_hal_msp.o
                0x08000a48                HAL_MspInit
 .text.HAL_I2S_MspInit
                0x08000a98      0x100 ./Application/User/Core/stm32f4xx_hal_msp.o
                0x08000a98                HAL_I2S_MspInit
 .text.HAL_SPI_MspInit
                0x08000b98       0x90 ./Application/User/Core/stm32f4xx_hal_msp.o
                0x08000b98                HAL_SPI_MspInit
 .text.HAL_UART_MspInit
                0x08000c28      0x16c ./Application/User/Core/stm32f4xx_hal_msp.o
                0x08000c28                HAL_UART_MspInit
 .text.NMI_Handler
                0x08000d94        0x8 ./Application/User/Core/stm32f4xx_it.o
                0x08000d94                NMI_Handler
 .text.HardFault_Handler
                0x08000d9c        0x8 ./Application/User/Core/stm32f4xx_it.o
                0x08000d9c                HardFault_Handler
 .text.MemManage_Handler
                0x08000da4        0x8 ./Application/User/Core/stm32f4xx_it.o
                0x08000da4                MemManage_Handler
 .text.BusFault_Handler
                0x08000dac        0x8 ./Application/User/Core/stm32f4xx_it.o
                0x08000dac                BusFault_Handler
 .text.UsageFault_Handler
                0x08000db4        0x8 ./Application/User/Core/stm32f4xx_it.o
                0x08000db4                UsageFault_Handler
 .text.SVC_Handler
                0x08000dbc        0xe ./Application/User/Core/stm32f4xx_it.o
                0x08000dbc                SVC_Handler
 .text.DebugMon_Handler
                0x08000dca        0xe ./Application/User/Core/stm32f4xx_it.o
                0x08000dca                DebugMon_Handler
 .text.PendSV_Handler
                0x08000dd8        0xe ./Application/User/Core/stm32f4xx_it.o
                0x08000dd8                PendSV_Handler
 .text.SysTick_Handler
                0x08000de6        0xc ./Application/User/Core/stm32f4xx_it.o
                0x08000de6                SysTick_Handler
 .text.EXTI0_IRQHandler
                0x08000df2        0xe ./Application/User/Core/stm32f4xx_it.o
                0x08000df2                EXTI0_IRQHandler
 .text.USART1_IRQHandler
                0x08000e00       0x14 ./Application/User/Core/stm32f4xx_it.o
                0x08000e00                USART1_IRQHandler
 .text.DMA2_Stream2_IRQHandler
                0x08000e14       0x14 ./Application/User/Core/stm32f4xx_it.o
                0x08000e14                DMA2_Stream2_IRQHandler
 .text.DMA2_Stream7_IRQHandler
                0x08000e28       0x14 ./Application/User/Core/stm32f4xx_it.o
                0x08000e28                DMA2_Stream7_IRQHandler
 .text.Reset_Handler
                0x08000e3c       0x50 ./Application/User/Startup/startup_stm32f407vgtx.o
                0x08000e3c                Reset_Handler
 .text.Default_Handler
                0x08000e8c        0x2 ./Application/User/Startup/startup_stm32f407vgtx.o
                0x08000e8c                RTC_Alarm_IRQHandler
                0x08000e8c                HASH_RNG_IRQHandler
                0x08000e8c                EXTI2_IRQHandler
                0x08000e8c                TIM8_CC_IRQHandler
                0x08000e8c                TIM1_CC_IRQHandler
                0x08000e8c                DMA2_Stream5_IRQHandler
                0x08000e8c                DMA1_Stream5_IRQHandler
                0x08000e8c                PVD_IRQHandler
                0x08000e8c                SDIO_IRQHandler
                0x08000e8c                TAMP_STAMP_IRQHandler
                0x08000e8c                CAN2_RX1_IRQHandler
                0x08000e8c                EXTI3_IRQHandler
                0x08000e8c                TIM8_TRG_COM_TIM14_IRQHandler
                0x08000e8c                TIM1_UP_TIM10_IRQHandler
                0x08000e8c                TIM8_UP_TIM13_IRQHandler
                0x08000e8c                I2C3_ER_IRQHandler
                0x08000e8c                I2C2_EV_IRQHandler
                0x08000e8c                DMA1_Stream2_IRQHandler
                0x08000e8c                CAN1_RX0_IRQHandler
                0x08000e8c                FPU_IRQHandler
                0x08000e8c                OTG_HS_WKUP_IRQHandler
                0x08000e8c                CAN2_SCE_IRQHandler
                0x08000e8c                SPI1_IRQHandler
                0x08000e8c                TIM6_DAC_IRQHandler
                0x08000e8c                TIM1_BRK_TIM9_IRQHandler
                0x08000e8c                DCMI_IRQHandler
                0x08000e8c                CAN2_RX0_IRQHandler
                0x08000e8c                DMA2_Stream3_IRQHandler
                0x08000e8c                USART6_IRQHandler
                0x08000e8c                USART3_IRQHandler
                0x08000e8c                CAN1_RX1_IRQHandler
                0x08000e8c                UART5_IRQHandler
                0x08000e8c                DMA2_Stream0_IRQHandler
                0x08000e8c                TIM4_IRQHandler
                0x08000e8c                I2C1_EV_IRQHandler
                0x08000e8c                DMA1_Stream6_IRQHandler
                0x08000e8c                DMA1_Stream1_IRQHandler
                0x08000e8c                UART4_IRQHandler
                0x08000e8c                TIM3_IRQHandler
                0x08000e8c                RCC_IRQHandler
                0x08000e8c                TIM8_BRK_TIM12_IRQHandler
                0x08000e8c                Default_Handler
                0x08000e8c                EXTI15_10_IRQHandler
                0x08000e8c                ADC_IRQHandler
                0x08000e8c                DMA1_Stream7_IRQHandler
                0x08000e8c                TIM7_IRQHandler
                0x08000e8c                CAN2_TX_IRQHandler
                0x08000e8c                TIM5_IRQHandler
                0x08000e8c                I2C3_EV_IRQHandler
                0x08000e8c                EXTI9_5_IRQHandler
                0x08000e8c                RTC_WKUP_IRQHandler
                0x08000e8c                ETH_WKUP_IRQHandler
                0x08000e8c                SPI2_IRQHandler
                0x08000e8c                OTG_HS_EP1_IN_IRQHandler
                0x08000e8c                DMA1_Stream0_IRQHandler
                0x08000e8c                CAN1_TX_IRQHandler
                0x08000e8c                EXTI4_IRQHandler
                0x08000e8c                FSMC_IRQHandler
                0x08000e8c                ETH_IRQHandler
                0x08000e8c                OTG_HS_EP1_OUT_IRQHandler
                0x08000e8c                WWDG_IRQHandler
                0x08000e8c                TIM2_IRQHandler
                0x08000e8c                OTG_FS_WKUP_IRQHandler
                0x08000e8c                TIM1_TRG_COM_TIM11_IRQHandler
                0x08000e8c                OTG_HS_IRQHandler
                0x08000e8c                EXTI1_IRQHandler
                0x08000e8c                USART2_IRQHandler
                0x08000e8c                I2C2_ER_IRQHandler
                0x08000e8c                DMA2_Stream1_IRQHandler
                0x08000e8c                CAN1_SCE_IRQHandler
                0x08000e8c                FLASH_IRQHandler
                0x08000e8c                DMA2_Stream4_IRQHandler
                0x08000e8c                OTG_FS_IRQHandler
                0x08000e8c                SPI3_IRQHandler
                0x08000e8c                DMA1_Stream4_IRQHandler
                0x08000e8c                I2C1_ER_IRQHandler
                0x08000e8c                DMA2_Stream6_IRQHandler
                0x08000e8c                DMA1_Stream3_IRQHandler
 *fill*         0x08000e8e        0x2 
 .text.SystemInit
                0x08000e90       0x24 ./Drivers/CMSIS/system_stm32f4xx.o
                0x08000e90                SystemInit
 .text.HAL_Init
                0x08000eb4       0x44 ./Drivers/STM32F4xx_HAL_Driver/stm32f4xx_hal.o
                0x08000eb4                HAL_Init
 .text.HAL_InitTick
                0x08000ef8       0x60 ./Drivers/STM32F4xx_HAL_Driver/stm32f4xx_hal.o
                0x08000ef8                HAL_InitTick
 .text.HAL_IncTick
                0x08000f58       0x28 ./Drivers/STM32F4xx_HAL_Driver/stm32f4xx_hal.o
                0x08000f58                HAL_IncTick
 .text.HAL_GetTick
                0x08000f80       0x18 ./Drivers/STM32F4xx_HAL_Driver/stm32f4xx_hal.o
                0x08000f80                HAL_GetTick
 .text.__NVIC_SetPriorityGrouping
                0x08000f98       0x48 ./Drivers/STM32F4xx_HAL_Driver/stm32f4xx_hal_cortex.o
 .text.__NVIC_GetPriorityGrouping
                0x08000fe0       0x1c ./Drivers/STM32F4xx_HAL_Driver/stm32f4xx_hal_cortex.o
 .text.__NVIC_EnableIRQ
                0x08000ffc       0x3c ./Drivers/STM32F4xx_HAL_Driver/stm32f4xx_hal_cortex.o
 .text.__NVIC_SetPriority
                0x08001038       0x54 ./Drivers/STM32F4xx_HAL_Driver/stm32f4xx_hal_cortex.o
 .text.NVIC_EncodePriority
                0x0800108c       0x66 ./Drivers/STM32F4xx_HAL_Driver/stm32f4xx_hal_cortex.o
 *fill*         0x080010f2        0x2 
 .text.SysTick_Config
                0x080010f4       0x44 ./Drivers/STM32F4xx_HAL_Driver/stm32f4xx_hal_cortex.o
 .text.HAL_NVIC_SetPriorityGrouping
                0x08001138       0x16 ./Drivers/STM32F4xx_HAL_Driver/stm32f4xx_hal_cortex.o
                0x08001138                HAL_NVIC_SetPriorityGrouping
 .text.HAL_NVIC_SetPriority
                0x0800114e       0x38 ./Drivers/STM32F4xx_HAL_Driver/stm32f4xx_hal_cortex.o
                0x0800114e                HAL_NVIC_SetPriority
 .text.HAL_NVIC_EnableIRQ
                0x08001186       0x1c ./Drivers/STM32F4xx_HAL_Driver/stm32f4xx_hal_cortex.o
                0x08001186                HAL_NVIC_EnableIRQ
 .text.HAL_SYSTICK_Config
                0x080011a2       0x18 ./Drivers/STM32F4xx_HAL_Driver/stm32f4xx_hal_cortex.o
                0x080011a2                HAL_SYSTICK_Config
 *fill*         0x080011ba        0x2 
 .text.HAL_DMA_Init
                0x080011bc      0x15c ./Drivers/STM32F4xx_HAL_Driver/stm32f4xx_hal_dma.o
                0x080011bc                HAL_DMA_Init
 .text.HAL_DMA_Start_IT
                0x08001318       0xb0 ./Drivers/STM32F4xx_HAL_Driver/stm32f4xx_hal_dma.o
                0x08001318                HAL_DMA_Start_IT
 .text.HAL_DMA_Abort
                0x080013c8       0xe0 ./Drivers/STM32F4xx_HAL_Driver/stm32f4xx_hal_dma.o
                0x080013c8                HAL_DMA_Abort
 .text.HAL_DMA_Abort_IT
                0x080014a8       0x44 ./Drivers/STM32F4xx_HAL_Driver/stm32f4xx_hal_dma.o
                0x080014a8                HAL_DMA_Abort_IT
 .text.HAL_DMA_IRQHandler
                0x080014ec      0x314 ./Drivers/STM32F4xx_HAL_Driver/stm32f4xx_hal_dma.o
                0x080014ec                HAL_DMA_IRQHandler
 .text.DMA_SetConfig
                0x08001800       0x5c ./Drivers/STM32F4xx_HAL_Driver/stm32f4xx_hal_dma.o
 .text.DMA_CalcBaseAndBitshift
                0x0800185c       0x6c ./Drivers/STM32F4xx_HAL_Driver/stm32f4xx_hal_dma.o
 .text.DMA_CheckFifoParam
                0x080018c8       0xf8 ./Drivers/STM32F4xx_HAL_Driver/stm32f4xx_hal_dma.o
 .text.HAL_GPIO_Init
                0x080019c0      0x338 ./Drivers/STM32F4xx_HAL_Driver/stm32f4xx_hal_gpio.o
                0x080019c0                HAL_GPIO_Init
 .text.HAL_GPIO_WritePin
                0x08001cf8       0x32 ./Drivers/STM32F4xx_HAL_Driver/stm32f4xx_hal_gpio.o
                0x08001cf8                HAL_GPIO_WritePin
 *fill*         0x08001d2a        0x2 
 .text.HAL_GPIO_EXTI_IRQHandler
                0x08001d2c       0x30 ./Drivers/STM32F4xx_HAL_Driver/stm32f4xx_hal_gpio.o
                0x08001d2c                HAL_GPIO_EXTI_IRQHandler
 .text.HAL_I2S_Init
                0x08001d5c      0x280 ./Drivers/STM32F4xx_HAL_Driver/stm32f4xx_hal_i2s.o
                0x08001d5c                HAL_I2S_Init
 .text.HAL_I2S_TxCpltCallback
                0x08001fdc       0x14 ./Drivers/STM32F4xx_HAL_Driver/stm32f4xx_hal_i2s.o
                0x08001fdc                HAL_I2S_TxCpltCallback
 .text.HAL_I2S_RxCpltCallback
                0x08001ff0       0x14 ./Drivers/STM32F4xx_HAL_Driver/stm32f4xx_hal_i2s.o
                0x08001ff0                HAL_I2S_RxCpltCallback
 .text.HAL_I2S_ErrorCallback
                0x08002004       0x14 ./Drivers/STM32F4xx_HAL_Driver/stm32f4xx_hal_i2s.o
                0x08002004                HAL_I2S_ErrorCallback
 .text.I2S_Transmit_IT
                0x08002018       0x5c ./Drivers/STM32F4xx_HAL_Driver/stm32f4xx_hal_i2s.o
 .text.I2S_Receive_IT
                0x08002074       0x5e ./Drivers/STM32F4xx_HAL_Driver/stm32f4xx_hal_i2s.o
 .text.I2S_IRQHandler
                0x080020d2      0x114 ./Drivers/STM32F4xx_HAL_Driver/stm32f4xx_hal_i2s.o
 *fill*         0x080021e6        0x2 
 .text.HAL_I2SEx_FullDuplex_IRQHandler
                0x080021e8      0x2a8 ./Drivers/STM32F4xx_HAL_Driver/stm32f4xx_hal_i2s_ex.o
                0x080021e8                HAL_I2SEx_FullDuplex_IRQHandler
 .text.HAL_I2SEx_TxRxCpltCallback
                0x08002490       0x14 ./Drivers/STM32F4xx_HAL_Driver/stm32f4xx_hal_i2s_ex.o
                0x08002490                HAL_I2SEx_TxRxCpltCallback
 .text.I2SEx_TxISR_I2S
                0x080024a4       0x62 ./Drivers/STM32F4xx_HAL_Driver/stm32f4xx_hal_i2s_ex.o
 *fill*         0x08002506        0x2 
 .text.I2SEx_TxISR_I2SExt
                0x08002508       0x98 ./Drivers/STM32F4xx_HAL_Driver/stm32f4xx_hal_i2s_ex.o
 .text.I2SEx_RxISR_I2S
                0x080025a0       0x64 ./Drivers/STM32F4xx_HAL_Driver/stm32f4xx_hal_i2s_ex.o
 .text.I2SEx_RxISR_I2SExt
                0x08002604       0x98 ./Drivers/STM32F4xx_HAL_Driver/stm32f4xx_hal_i2s_ex.o
 .text.HAL_RCC_OscConfig
                0x0800269c      0x4f0 ./Drivers/STM32F4xx_HAL_Driver/stm32f4xx_hal_rcc.o
                0x0800269c                HAL_RCC_OscConfig
 .text.HAL_RCC_ClockConfig
                0x08002b8c      0x1cc ./Drivers/STM32F4xx_HAL_Driver/stm32f4xx_hal_rcc.o
                0x08002b8c                HAL_RCC_ClockConfig
 .text.HAL_RCC_GetSysClockFreq
                0x08002d58      0x20c ./Drivers/STM32F4xx_HAL_Driver/stm32f4xx_hal_rcc.o
                0x08002d58                HAL_RCC_GetSysClockFreq
 .text.HAL_RCC_GetHCLKFreq
                0x08002f64       0x18 ./Drivers/STM32F4xx_HAL_Driver/stm32f4xx_hal_rcc.o
                0x08002f64                HAL_RCC_GetHCLKFreq
 .text.HAL_RCC_GetPCLK1Freq
                0x08002f7c       0x28 ./Drivers/STM32F4xx_HAL_Driver/stm32f4xx_hal_rcc.o
                0x08002f7c                HAL_RCC_GetPCLK1Freq
 .text.HAL_RCC_GetPCLK2Freq
                0x08002fa4       0x28 ./Drivers/STM32F4xx_HAL_Driver/stm32f4xx_hal_rcc.o
                0x08002fa4                HAL_RCC_GetPCLK2Freq
 .text.HAL_RCCEx_PeriphCLKConfig
                0x08002fcc      0x1c4 ./Drivers/STM32F4xx_HAL_Driver/stm32f4xx_hal_rcc_ex.o
                0x08002fcc                HAL_RCCEx_PeriphCLKConfig
 .text.HAL_RCCEx_GetPeriphCLKFreq
                0x08003190       0xc0 ./Drivers/STM32F4xx_HAL_Driver/stm32f4xx_hal_rcc_ex.o
                0x08003190                HAL_RCCEx_GetPeriphCLKFreq
 .text.HAL_SPI_Init
                0x08003250      0x112 ./Drivers/STM32F4xx_HAL_Driver/stm32f4xx_hal_spi.o
                0x08003250                HAL_SPI_Init
 .text.HAL_UART_Init
                0x08003362       0xa0 ./Drivers/STM32F4xx_HAL_Driver/stm32f4xx_hal_uart.o
                0x08003362                HAL_UART_Init
 .text.HAL_UART_Transmit_IT
                0x08003402       0x6c ./Drivers/STM32F4xx_HAL_Driver/stm32f4xx_hal_uart.o
                0x08003402                HAL_UART_Transmit_IT
 .text.HAL_UART_Receive_IT
                0x0800346e       0x4a ./Drivers/STM32F4xx_HAL_Driver/stm32f4xx_hal_uart.o
                0x0800346e                HAL_UART_Receive_IT
 .text.HAL_UART_Transmit_DMA
                0x080034b8       0xf8 ./Drivers/STM32F4xx_HAL_Driver/stm32f4xx_hal_uart.o
                0x080034b8                HAL_UART_Transmit_DMA
 .text.HAL_UART_IRQHandler
                0x080035b0      0x554 ./Drivers/STM32F4xx_HAL_Driver/stm32f4xx_hal_uart.o
                0x080035b0                HAL_UART_IRQHandler
 .text.HAL_UART_TxCpltCallback
                0x08003b04       0x14 ./Drivers/STM32F4xx_HAL_Driver/stm32f4xx_hal_uart.o
                0x08003b04                HAL_UART_TxCpltCallback
 .text.HAL_UART_TxHalfCpltCallback
                0x08003b18       0x14 ./Drivers/STM32F4xx_HAL_Driver/stm32f4xx_hal_uart.o
                0x08003b18                HAL_UART_TxHalfCpltCallback
 .text.HAL_UART_ErrorCallback
                0x08003b2c       0x14 ./Drivers/STM32F4xx_HAL_Driver/stm32f4xx_hal_uart.o
                0x08003b2c                HAL_UART_ErrorCallback
 .text.HAL_UARTEx_RxEventCallback
                0x08003b40       0x18 ./Drivers/STM32F4xx_HAL_Driver/stm32f4xx_hal_uart.o
                0x08003b40                HAL_UARTEx_RxEventCallback
 .text.UART_DMATransmitCplt
                0x08003b58       0x9a ./Drivers/STM32F4xx_HAL_Driver/stm32f4xx_hal_uart.o
 .text.UART_DMATxHalfCplt
                0x08003bf2       0x1c ./Drivers/STM32F4xx_HAL_Driver/stm32f4xx_hal_uart.o
 .text.UART_DMAError
                0x08003c0e       0x94 ./Drivers/STM32F4xx_HAL_Driver/stm32f4xx_hal_uart.o
 .text.UART_Start_Receive_IT
                0x08003ca2       0x74 ./Drivers/STM32F4xx_HAL_Driver/stm32f4xx_hal_uart.o
                0x08003ca2                UART_Start_Receive_IT
 .text.UART_EndTxTransfer
                0x08003d16       0x50 ./Drivers/STM32F4xx_HAL_Driver/stm32f4xx_hal_uart.o
 .text.UART_EndRxTransfer
                0x08003d66       0xc6 ./Drivers/STM32F4xx_HAL_Driver/stm32f4xx_hal_uart.o
 .text.UART_DMAAbortOnError
                0x08003e2c       0x22 ./Drivers/STM32F4xx_HAL_Driver/stm32f4xx_hal_uart.o
 .text.UART_Transmit_IT
                0x08003e4e       0xa0 ./Drivers/STM32F4xx_HAL_Driver/stm32f4xx_hal_uart.o
 .text.UART_EndTransmit_IT
                0x08003eee       0x30 ./Drivers/STM32F4xx_HAL_Driver/stm32f4xx_hal_uart.o
 .text.UART_Receive_IT
                0x08003f1e      0x17c ./Drivers/STM32F4xx_HAL_Driver/stm32f4xx_hal_uart.o
 *fill*         0x0800409a        0x2 
 .text.UART_SetConfig
                0x0800409c      0x4e8 ./Drivers/STM32F4xx_HAL_Driver/stm32f4xx_hal_uart.o
 .text.memset   0x08004584       0x10 C:/ST/STM32CubeIDE_2.1.1/STM32CubeIDE/plugins/com.st.stm32cube.ide.mcu.externaltools.gnu-tools-for-stm32.14.3.rel1.win32_1.0.100.202602081740/tools/bin/../lib/gcc/arm-none-eabi/14.3.1/../../../../arm-none-eabi/lib/thumb/v7e-m+fp/hard\libc_nano.a(libc_a-memset.o)
                0x08004584                memset
 .text.__libc_init_array
                0x08004594       0x48 C:/ST/STM32CubeIDE_2.1.1/STM32CubeIDE/plugins/com.st.stm32cube.ide.mcu.externaltools.gnu-tools-for-stm32.14.3.rel1.win32_1.0.100.202602081740/tools/bin/../lib/gcc/arm-none-eabi/14.3.1/../../../../arm-none-eabi/lib/thumb/v7e-m+fp/hard\libc_nano.a(libc_a-init.o)
                0x08004594                __libc_init_array
 *(.glue_7)
 .glue_7        0x080045dc        0x0 linker stubs
 *(.glue_7t)
 .glue_7t       0x080045dc        0x0 linker stubs
 *(.eh_frame)
 .eh_frame      0x080045dc        0x0 C:/ST/STM32CubeIDE_2.1.1/STM32CubeIDE/plugins/com.st.stm32cube.ide.mcu.externaltools.gnu-tools-for-stm32.14.3.rel1.win32_1.0.100.202602081740/tools/bin/../lib/gcc/arm-none-eabi/14.3.1/thumb/v7e-m+fp/hard/crtbegin.o
 *(.init)
 .init          0x080045dc        0x4 C:/ST/STM32CubeIDE_2.1.1/STM32CubeIDE/plugins/com.st.stm32cube.ide.mcu.externaltools.gnu-tools-for-stm32.14.3.rel1.win32_1.0.100.202602081740/tools/bin/../lib/gcc/arm-none-eabi/14.3.1/thumb/v7e-m+fp/hard/crti.o
                0x080045dc                _init
 .init          0x080045e0        0x8 C:/ST/STM32CubeIDE_2.1.1/STM32CubeIDE/plugins/com.st.stm32cube.ide.mcu.externaltools.gnu-tools-for-stm32.14.3.rel1.win32_1.0.100.202602081740/tools/bin/../lib/gcc/arm-none-eabi/14.3.1/thumb/v7e-m+fp/hard/crtn.o
 *(.fini)
 .fini          0x080045e8        0x4 C:/ST/STM32CubeIDE_2.1.1/STM32CubeIDE/plugins/com.st.stm32cube.ide.mcu.externaltools.gnu-tools-for-stm32.14.3.rel1.win32_1.0.100.202602081740/tools/bin/../lib/gcc/arm-none-eabi/14.3.1/thumb/v7e-m+fp/hard/crti.o
                0x080045e8                _fini
 .fini          0x080045ec        0x8 C:/ST/STM32CubeIDE_2.1.1/STM32CubeIDE/plugins/com.st.stm32cube.ide.mcu.externaltools.gnu-tools-for-stm32.14.3.rel1.win32_1.0.100.202602081740/tools/bin/../lib/gcc/arm-none-eabi/14.3.1/thumb/v7e-m+fp/hard/crtn.o
                0x080045f4                        . = ALIGN (0x4)
                0x080045f4                        _etext = .

.vfp11_veneer   0x080045f4        0x0
 .vfp11_veneer  0x080045f4        0x0 linker stubs

.v4_bx          0x080045f4        0x0
 .v4_bx         0x080045f4        0x0 linker stubs

.iplt           0x080045f4        0x0
 .iplt          0x080045f4        0x0 C:/ST/STM32CubeIDE_2.1.1/STM32CubeIDE/plugins/com.st.stm32cube.ide.mcu.externaltools.gnu-tools-for-stm32.14.3.rel1.win32_1.0.100.202602081740/tools/bin/../lib/gcc/arm-none-eabi/14.3.1/thumb/v7e-m+fp/hard/crtbegin.o

.rodata         0x080045f4       0x20
                0x080045f4                        . = ALIGN (0x4)
 *(.rodata)
 *(.rodata*)
 .rodata.AHBPrescTable
                0x080045f4       0x10 ./Drivers/CMSIS/system_stm32f4xx.o
                0x080045f4                AHBPrescTable
 .rodata.APBPrescTable
                0x08004604        0x8 ./Drivers/CMSIS/system_stm32f4xx.o
                0x08004604                APBPrescTable
 .rodata.flagBitshiftOffset.0
                0x0800460c        0x8 ./Drivers/STM32F4xx_HAL_Driver/stm32f4xx_hal_dma.o
                0x08004614                        . = ALIGN (0x4)

.ARM.extab      0x08004614        0x0
                0x08004614                        . = ALIGN (0x4)
 *(.ARM.extab* .gnu.linkonce.armextab.*)
                0x08004614                        . = ALIGN (0x4)

.ARM            0x08004614        0x8
                0x08004614                        . = ALIGN (0x4)
                0x08004614                        __exidx_start = .
 *(.ARM.exidx*)
 .ARM.exidx     0x08004614        0x8 C:/ST/STM32CubeIDE_2.1.1/STM32CubeIDE/plugins/com.st.stm32cube.ide.mcu.externaltools.gnu-tools-for-stm32.14.3.rel1.win32_1.0.100.202602081740/tools/bin/../lib/gcc/arm-none-eabi/14.3.1/../../../../arm-none-eabi/lib/thumb/v7e-m+fp/hard\libc_nano.a(libc_a-strlen.o)
 .ARM.exidx     0x0800461c        0x0 C:/ST/STM32CubeIDE_2.1.1/STM32CubeIDE/plugins/com.st.stm32cube.ide.mcu.externaltools.gnu-tools-for-stm32.14.3.rel1.win32_1.0.100.202602081740/tools/bin/../lib/gcc/arm-none-eabi/14.3.1/thumb/v7e-m+fp/hard\libgcc.a(_udivmoddi4.o)
                                  0x8 (size before relaxing)
                0x0800461c                        __exidx_end = .
                0x0800461c                        . = ALIGN (0x4)

.preinit_array  0x0800461c        0x0
                0x0800461c                        . = ALIGN (0x4)
                0x0800461c                        PROVIDE (__preinit_array_start = .)
 *(.preinit_array*)
                0x0800461c                        PROVIDE (__preinit_array_end = .)
                0x0800461c                        . = ALIGN (0x4)

.init_array     0x0800461c        0x4
                0x0800461c                        . = ALIGN (0x4)
                0x0800461c                        PROVIDE (__init_array_start = .)
 *(SORT_BY_NAME(.init_array.*))
 *(.init_array*)
 .init_array    0x0800461c        0x4 C:/ST/STM32CubeIDE_2.1.1/STM32CubeIDE/plugins/com.st.stm32cube.ide.mcu.externaltools.gnu-tools-for-stm32.14.3.rel1.win32_1.0.100.202602081740/tools/bin/../lib/gcc/arm-none-eabi/14.3.1/thumb/v7e-m+fp/hard/crtbegin.o
                0x08004620                        PROVIDE (__init_array_end = .)
                0x08004620                        . = ALIGN (0x4)

.fini_array     0x08004620        0x4
                0x08004620                        . = ALIGN (0x4)
                [!provide]                        PROVIDE (__fini_array_start = .)
 *(SORT_BY_NAME(.fini_array.*))
 *(.fini_array*)
 .fini_array    0x08004620        0x4 C:/ST/STM32CubeIDE_2.1.1/STM32CubeIDE/plugins/com.st.stm32cube.ide.mcu.externaltools.gnu-tools-for-stm32.14.3.rel1.win32_1.0.100.202602081740/tools/bin/../lib/gcc/arm-none-eabi/14.3.1/thumb/v7e-m+fp/hard/crtbegin.o
                [!provide]                        PROVIDE (__fini_array_end = .)
                0x08004624                        . = ALIGN (0x4)
                0x08004624                        _sidata = LOADADDR (.data)

.rel.dyn        0x08004624        0x0
 .rel.iplt      0x08004624        0x0 C:/ST/STM32CubeIDE_2.1.1/STM32CubeIDE/plugins/com.st.stm32cube.ide.mcu.externaltools.gnu-tools-for-stm32.14.3.rel1.win32_1.0.100.202602081740/tools/bin/../lib/gcc/arm-none-eabi/14.3.1/thumb/v7e-m+fp/hard/crtbegin.o

.data           0x20000000       0x84 load address 0x08004624
                0x20000000                        . = ALIGN (0x4)
                0x20000000                        _sdata = .
 *(.data)
 *(.data*)
 .data.tabelaEquipe
                0x20000000       0x78 ./Application/User/Core/main.o
                0x20000000                tabelaEquipe
 .data.SystemCoreClock
                0x20000078        0x4 ./Drivers/CMSIS/system_stm32f4xx.o
                0x20000078                SystemCoreClock
 .data.uwTickPrio
                0x2000007c        0x4 ./Drivers/STM32F4xx_HAL_Driver/stm32f4xx_hal.o
                0x2000007c                uwTickPrio
 .data.uwTickFreq
                0x20000080        0x1 ./Drivers/STM32F4xx_HAL_Driver/stm32f4xx_hal.o
                0x20000080                uwTickFreq
 *(.RamFunc)
 *(.RamFunc*)
                0x20000084                        . = ALIGN (0x4)
 *fill*         0x20000081        0x3 
                0x20000084                        _edata = .
                0x080046a8                        _siccmram = LOADADDR (.ccmram)

.igot.plt       0x20000084        0x0 load address 0x080046a8
 .igot.plt      0x20000084        0x0 C:/ST/STM32CubeIDE_2.1.1/STM32CubeIDE/plugins/com.st.stm32cube.ide.mcu.externaltools.gnu-tools-for-stm32.14.3.rel1.win32_1.0.100.202602081740/tools/bin/../lib/gcc/arm-none-eabi/14.3.1/thumb/v7e-m+fp/hard/crtbegin.o

.ccmram         0x10000000        0x0 load address 0x080046a8
                0x10000000                        . = ALIGN (0x4)
                0x10000000                        _sccmram = .
 *(.ccmram)
 *(.ccmram*)
                0x10000000                        . = ALIGN (0x4)
                0x10000000                        _eccmram = .
                0x10000000                        . = ALIGN (0x4)

.bss            0x20000084      0x1cc
                0x20000084                        _sbss = .
                0x20000084                        __bss_start__ = _sbss
 *(.bss)
 .bss           0x20000084       0x1c C:/ST/STM32CubeIDE_2.1.1/STM32CubeIDE/plugins/com.st.stm32cube.ide.mcu.externaltools.gnu-tools-for-stm32.14.3.rel1.win32_1.0.100.202602081740/tools/bin/../lib/gcc/arm-none-eabi/14.3.1/thumb/v7e-m+fp/hard/crtbegin.o
 *(.bss*)
 .bss.hi2s3     0x200000a0       0x48 ./Application/User/Core/main.o
                0x200000a0                hi2s3
 .bss.hspi1     0x200000e8       0x58 ./Application/User/Core/main.o
                0x200000e8                hspi1
 .bss.huart1    0x20000140       0x48 ./Application/User/Core/main.o
                0x20000140                huart1
 .bss.hdma_usart1_rx
                0x20000188       0x60 ./Application/User/Core/main.o
                0x20000188                hdma_usart1_rx
 .bss.hdma_usart1_tx
                0x200001e8       0x60 ./Application/User/Core/main.o
                0x200001e8                hdma_usart1_tx
 .bss.contadorLed
                0x20000248        0x1 ./Application/User/Core/main.o
                0x20000248                contadorLed
 .bss.comando_rx
                0x20000249        0x1 ./Application/User/Core/main.o
                0x20000249                comando_rx
 *fill*         0x2000024a        0x2 
 .bss.uwTick    0x2000024c        0x4 ./Drivers/STM32F4xx_HAL_Driver/stm32f4xx_hal.o
                0x2000024c                uwTick
 *(COMMON)
                0x20000250                        . = ALIGN (0x4)
                0x20000250                        _ebss = .
                0x20000250                        __bss_end__ = _ebss

._user_heap_stack
                0x20000250      0x600
                0x20000250                        . = ALIGN (0x8)
                [!provide]                        PROVIDE (end = .)
                0x20000250                        PROVIDE (_end = .)
                0x20000450                        . = (. + _Min_Heap_Size)
 *fill*         0x20000250      0x200 
                0x20000850                        . = (. + _Min_Stack_Size)
 *fill*         0x20000450      0x400 
                0x20000850                        . = ALIGN (0x8)

/DISCARD/
 libc.a(*)
 libm.a(*)
 libgcc.a(*)

.ARM.attributes
                0x00000000       0x30
 *(.ARM.attributes)
 .ARM.attributes
                0x00000000       0x22 C:/ST/STM32CubeIDE_2.1.1/STM32CubeIDE/plugins/com.st.stm32cube.ide.mcu.externaltools.gnu-tools-for-stm32.14.3.rel1.win32_1.0.100.202602081740/tools/bin/../lib/gcc/arm-none-eabi/14.3.1/thumb/v7e-m+fp/hard/crti.o
 .ARM.attributes
                0x00000022       0x34 C:/ST/STM32CubeIDE_2.1.1/STM32CubeIDE/plugins/com.st.stm32cube.ide.mcu.externaltools.gnu-tools-for-stm32.14.3.rel1.win32_1.0.100.202602081740/tools/bin/../lib/gcc/arm-none-eabi/14.3.1/thumb/v7e-m+fp/hard/crtbegin.o
 .ARM.attributes
                0x00000056       0x34 ./Application/User/Core/main.o
 .ARM.attributes
                0x0000008a       0x34 ./Application/User/Core/stm32f4xx_hal_msp.o
 .ARM.attributes
                0x000000be       0x34 ./Application/User/Core/stm32f4xx_it.o
 .ARM.attributes
                0x000000f2       0x21 ./Application/User/Startup/startup_stm32f407vgtx.o
 .ARM.attributes
                0x00000113       0x34 ./Drivers/CMSIS/system_stm32f4xx.o
 .ARM.attributes
                0x00000147       0x34 ./Drivers/STM32F4xx_HAL_Driver/stm32f4xx_hal.o
 .ARM.attributes
                0x0000017b       0x34 ./Drivers/STM32F4xx_HAL_Driver/stm32f4xx_hal_cortex.o
 .ARM.attributes
                0x000001af       0x34 ./Drivers/STM32F4xx_HAL_Driver/stm32f4xx_hal_dma.o
 .ARM.attributes
                0x000001e3       0x34 ./Drivers/STM32F4xx_HAL_Driver/stm32f4xx_hal_gpio.o
 .ARM.attributes
                0x00000217       0x34 ./Drivers/STM32F4xx_HAL_Driver/stm32f4xx_hal_i2s.o
 .ARM.attributes
                0x0000024b       0x34 ./Drivers/STM32F4xx_HAL_Driver/stm32f4xx_hal_i2s_ex.o
 .ARM.attributes
                0x0000027f       0x34 ./Drivers/STM32F4xx_HAL_Driver/stm32f4xx_hal_rcc.o
 .ARM.attributes
                0x000002b3       0x34 ./Drivers/STM32F4xx_HAL_Driver/stm32f4xx_hal_rcc_ex.o
 .ARM.attributes
                0x000002e7       0x34 ./Drivers/STM32F4xx_HAL_Driver/stm32f4xx_hal_spi.o
 .ARM.attributes
                0x0000031b       0x34 ./Drivers/STM32F4xx_HAL_Driver/stm32f4xx_hal_uart.o
 .ARM.attributes
                0x0000034f       0x34 C:/ST/STM32CubeIDE_2.1.1/STM32CubeIDE/plugins/com.st.stm32cube.ide.mcu.externaltools.gnu-tools-for-stm32.14.3.rel1.win32_1.0.100.202602081740/tools/bin/../lib/gcc/arm-none-eabi/14.3.1/../../../../arm-none-eabi/lib/thumb/v7e-m+fp/hard\libc_nano.a(libc_a-memset.o)
 .ARM.attributes
                0x00000383       0x34 C:/ST/STM32CubeIDE_2.1.1/STM32CubeIDE/plugins/com.st.stm32cube.ide.mcu.externaltools.gnu-tools-for-stm32.14.3.rel1.win32_1.0.100.202602081740/tools/bin/../lib/gcc/arm-none-eabi/14.3.1/../../../../arm-none-eabi/lib/thumb/v7e-m+fp/hard\libc_nano.a(libc_a-init.o)
 .ARM.attributes
                0x000003b7       0x17 C:/ST/STM32CubeIDE_2.1.1/STM32CubeIDE/plugins/com.st.stm32cube.ide.mcu.externaltools.gnu-tools-for-stm32.14.3.rel1.win32_1.0.100.202602081740/tools/bin/../lib/gcc/arm-none-eabi/14.3.1/../../../../arm-none-eabi/lib/thumb/v7e-m+fp/hard\libc_nano.a(libc_a-strlen.o)
 .ARM.attributes
                0x000003ce       0x22 C:/ST/STM32CubeIDE_2.1.1/STM32CubeIDE/plugins/com.st.stm32cube.ide.mcu.externaltools.gnu-tools-for-stm32.14.3.rel1.win32_1.0.100.202602081740/tools/bin/../lib/gcc/arm-none-eabi/14.3.1/thumb/v7e-m+fp/hard\libgcc.a(_aeabi_uldivmod.o)
 .ARM.attributes
                0x000003f0       0x34 C:/ST/STM32CubeIDE_2.1.1/STM32CubeIDE/plugins/com.st.stm32cube.ide.mcu.externaltools.gnu-tools-for-stm32.14.3.rel1.win32_1.0.100.202602081740/tools/bin/../lib/gcc/arm-none-eabi/14.3.1/thumb/v7e-m+fp/hard\libgcc.a(_udivmoddi4.o)
 .ARM.attributes
                0x00000424       0x22 C:/ST/STM32CubeIDE_2.1.1/STM32CubeIDE/plugins/com.st.stm32cube.ide.mcu.externaltools.gnu-tools-for-stm32.14.3.rel1.win32_1.0.100.202602081740/tools/bin/../lib/gcc/arm-none-eabi/14.3.1/thumb/v7e-m+fp/hard\libgcc.a(_dvmd_tls.o)
 .ARM.attributes
                0x00000446       0x22 C:/ST/STM32CubeIDE_2.1.1/STM32CubeIDE/plugins/com.st.stm32cube.ide.mcu.externaltools.gnu-tools-for-stm32.14.3.rel1.win32_1.0.100.202602081740/tools/bin/../lib/gcc/arm-none-eabi/14.3.1/thumb/v7e-m+fp/hard/crtn.o
OUTPUT(PlacaDiscovery.elf elf32-littlearm)
LOAD linker stubs
LOAD C:/ST/STM32CubeIDE_2.1.1/STM32CubeIDE/plugins/com.st.stm32cube.ide.mcu.externaltools.gnu-tools-for-stm32.14.3.rel1.win32_1.0.100.202602081740/tools/bin/../lib/gcc/arm-none-eabi/14.3.1/../../../../arm-none-eabi/lib/thumb/v7e-m+fp/hard\libc.a
LOAD C:/ST/STM32CubeIDE_2.1.1/STM32CubeIDE/plugins/com.st.stm32cube.ide.mcu.externaltools.gnu-tools-for-stm32.14.3.rel1.win32_1.0.100.202602081740/tools/bin/../lib/gcc/arm-none-eabi/14.3.1/../../../../arm-none-eabi/lib/thumb/v7e-m+fp/hard\libm.a
LOAD C:/ST/STM32CubeIDE_2.1.1/STM32CubeIDE/plugins/com.st.stm32cube.ide.mcu.externaltools.gnu-tools-for-stm32.14.3.rel1.win32_1.0.100.202602081740/tools/bin/../lib/gcc/arm-none-eabi/14.3.1/thumb/v7e-m+fp/hard\libgcc.a

.debug_info     0x00000000     0xc3ec
 .debug_info    0x00000000     0x143d ./Application/User/Core/main.o
 .debug_info    0x0000143d     0x1233 ./Application/User/Core/stm32f4xx_hal_msp.o
 .debug_info    0x00002670      0x6a3 ./Application/User/Core/stm32f4xx_it.o
 .debug_info    0x00002d13       0x30 ./Application/User/Startup/startup_stm32f407vgtx.o
 .debug_info    0x00002d43      0x512 ./Drivers/CMSIS/system_stm32f4xx.o
 .debug_info    0x00003255      0x944 ./Drivers/STM32F4xx_HAL_Driver/stm32f4xx_hal.o
 .debug_info    0x00003b99      0xd8c ./Drivers/STM32F4xx_HAL_Driver/stm32f4xx_hal_cortex.o
 .debug_info    0x00004925      0x8e7 ./Drivers/STM32F4xx_HAL_Driver/stm32f4xx_hal_dma.o
 .debug_info    0x0000520c      0x6c3 ./Drivers/STM32F4xx_HAL_Driver/stm32f4xx_hal_gpio.o
 .debug_info    0x000058cf      0xe02 ./Drivers/STM32F4xx_HAL_Driver/stm32f4xx_hal_i2s.o
 .debug_info    0x000066d1      0xaae ./Drivers/STM32F4xx_HAL_Driver/stm32f4xx_hal_i2s_ex.o
 .debug_info    0x0000717f      0x8c3 ./Drivers/STM32F4xx_HAL_Driver/stm32f4xx_hal_rcc.o
 .debug_info    0x00007a42      0x536 ./Drivers/STM32F4xx_HAL_Driver/stm32f4xx_hal_rcc_ex.o
 .debug_info    0x00007f78     0x1525 ./Drivers/STM32F4xx_HAL_Driver/stm32f4xx_hal_spi.o
 .debug_info    0x0000949d     0x2f4f ./Drivers/STM32F4xx_HAL_Driver/stm32f4xx_hal_uart.o

.debug_abbrev   0x00000000     0x1ffe
 .debug_abbrev  0x00000000      0x2c2 ./Application/User/Core/main.o
 .debug_abbrev  0x000002c2      0x248 ./Application/User/Core/stm32f4xx_hal_msp.o
 .debug_abbrev  0x0000050a      0x18b ./Application/User/Core/stm32f4xx_it.o
 .debug_abbrev  0x00000695       0x24 ./Application/User/Startup/startup_stm32f407vgtx.o
 .debug_abbrev  0x000006b9      0x11a ./Drivers/CMSIS/system_stm32f4xx.o
 .debug_abbrev  0x000007d3      0x214 ./Drivers/STM32F4xx_HAL_Driver/stm32f4xx_hal.o
 .debug_abbrev  0x000009e7      0x31d ./Drivers/STM32F4xx_HAL_Driver/stm32f4xx_hal_cortex.o
 .debug_abbrev  0x00000d04      0x264 ./Drivers/STM32F4xx_HAL_Driver/stm32f4xx_hal_dma.o
 .debug_abbrev  0x00000f68      0x1d4 ./Drivers/STM32F4xx_HAL_Driver/stm32f4xx_hal_gpio.o
 .debug_abbrev  0x0000113c      0x25d ./Drivers/STM32F4xx_HAL_Driver/stm32f4xx_hal_i2s.o
 .debug_abbrev  0x00001399      0x276 ./Drivers/STM32F4xx_HAL_Driver/stm32f4xx_hal_i2s_ex.o
 .debug_abbrev  0x0000160f      0x2b7 ./Drivers/STM32F4xx_HAL_Driver/stm32f4xx_hal_rcc.o
 .debug_abbrev  0x000018c6      0x1b0 ./Drivers/STM32F4xx_HAL_Driver/stm32f4xx_hal_rcc_ex.o
 .debug_abbrev  0x00001a76      0x27a ./Drivers/STM32F4xx_HAL_Driver/stm32f4xx_hal_spi.o
 .debug_abbrev  0x00001cf0      0x30e ./Drivers/STM32F4xx_HAL_Driver/stm32f4xx_hal_uart.o

.debug_aranges  0x00000000      0xac8
 .debug_aranges
                0x00000000       0x68 ./Application/User/Core/main.o
 .debug_aranges
                0x00000068       0x50 ./Application/User/Core/stm32f4xx_hal_msp.o
 .debug_aranges
                0x000000b8       0x80 ./Application/User/Core/stm32f4xx_it.o
 .debug_aranges
                0x00000138       0x28 ./Application/User/Startup/startup_stm32f407vgtx.o
 .debug_aranges
                0x00000160       0x28 ./Drivers/CMSIS/system_stm32f4xx.o
 .debug_aranges
                0x00000188       0xf0 ./Drivers/STM32F4xx_HAL_Driver/stm32f4xx_hal.o
 .debug_aranges
                0x00000278      0x130 ./Drivers/STM32F4xx_HAL_Driver/stm32f4xx_hal_cortex.o
 .debug_aranges
                0x000003a8       0x90 ./Drivers/STM32F4xx_HAL_Driver/stm32f4xx_hal_dma.o
 .debug_aranges
                0x00000438       0x58 ./Drivers/STM32F4xx_HAL_Driver/stm32f4xx_hal_gpio.o
 .debug_aranges
                0x00000490      0x108 ./Drivers/STM32F4xx_HAL_Driver/stm32f4xx_hal_i2s.o
 .debug_aranges
                0x00000598       0x88 ./Drivers/STM32F4xx_HAL_Driver/stm32f4xx_hal_i2s_ex.o
 .debug_aranges
                0x00000620       0x88 ./Drivers/STM32F4xx_HAL_Driver/stm32f4xx_hal_rcc.o
 .debug_aranges
                0x000006a8       0x48 ./Drivers/STM32F4xx_HAL_Driver/stm32f4xx_hal_rcc_ex.o
 .debug_aranges
                0x000006f0      0x1d0 ./Drivers/STM32F4xx_HAL_Driver/stm32f4xx_hal_spi.o
 .debug_aranges
                0x000008c0      0x208 ./Drivers/STM32F4xx_HAL_Driver/stm32f4xx_hal_uart.o

.debug_rnglists
                0x00000000      0x84d
 .debug_rnglists
                0x00000000       0x4b ./Application/User/Core/main.o
 .debug_rnglists
                0x0000004b       0x3a ./Application/User/Core/stm32f4xx_hal_msp.o
 .debug_rnglists
                0x00000085       0x5b ./Application/User/Core/stm32f4xx_it.o
 .debug_rnglists
                0x000000e0       0x19 ./Application/User/Startup/startup_stm32f407vgtx.o
 .debug_rnglists
                0x000000f9       0x1a ./Drivers/CMSIS/system_stm32f4xx.o
 .debug_rnglists
                0x00000113       0xaf ./Drivers/STM32F4xx_HAL_Driver/stm32f4xx_hal.o
 .debug_rnglists
                0x000001c2       0xe0 ./Drivers/STM32F4xx_HAL_Driver/stm32f4xx_hal_cortex.o
 .debug_rnglists
                0x000002a2       0x70 ./Drivers/STM32F4xx_HAL_Driver/stm32f4xx_hal_dma.o
 .debug_rnglists
                0x00000312       0x3f ./Drivers/STM32F4xx_HAL_Driver/stm32f4xx_hal_gpio.o
 .debug_rnglists
                0x00000351       0xcc ./Drivers/STM32F4xx_HAL_Driver/stm32f4xx_hal_i2s.o
 .debug_rnglists
                0x0000041d       0x6a ./Drivers/STM32F4xx_HAL_Driver/stm32f4xx_hal_i2s_ex.o
 .debug_rnglists
                0x00000487       0x66 ./Drivers/STM32F4xx_HAL_Driver/stm32f4xx_hal_rcc.o
 .debug_rnglists
                0x000004ed       0x35 ./Drivers/STM32F4xx_HAL_Driver/stm32f4xx_hal_rcc_ex.o
 .debug_rnglists
                0x00000522      0x16f ./Drivers/STM32F4xx_HAL_Driver/stm32f4xx_hal_spi.o
 .debug_rnglists
                0x00000691      0x1bc ./Drivers/STM32F4xx_HAL_Driver/stm32f4xx_hal_uart.o

.debug_macro    0x00000000    0x20c06
 .debug_macro   0x00000000      0x2ba ./Application/User/Core/main.o
 .debug_macro   0x000002ba      0xad8 ./Application/User/Core/main.o
 .debug_macro   0x00000d92      0x2a1 ./Application/User/Core/main.o
 .debug_macro   0x00001033       0x2e ./Application/User/Core/main.o
 .debug_macro   0x00001061       0x2f ./Application/User/Core/main.o
 .debug_macro   0x00001090       0x22 ./Application/User/Core/main.o
 .debug_macro   0x000010b2       0x8e ./Application/User/Core/main.o
 .debug_macro   0x00001140       0x51 ./Application/User/Core/main.o
 .debug_macro   0x00001191      0x103 ./Application/User/Core/main.o
 .debug_macro   0x00001294       0x6a ./Application/User/Core/main.o
 .debug_macro   0x000012fe      0x1df ./Application/User/Core/main.o
 .debug_macro   0x000014dd       0x1c ./Application/User/Core/main.o
 .debug_macro   0x000014f9       0x22 ./Application/User/Core/main.o
 .debug_macro   0x0000151b       0xfb ./Application/User/Core/main.o
 .debug_macro   0x00001616     0x1011 ./Application/User/Core/main.o
 .debug_macro   0x00002627      0x11f ./Application/User/Core/main.o
 .debug_macro   0x00002746    0x15ea5 ./Application/User/Core/main.o
 .debug_macro   0x000185eb       0x6d ./Application/User/Core/main.o
 .debug_macro   0x00018658     0x3693 ./Application/User/Core/main.o
 .debug_macro   0x0001bceb      0x190 ./Application/User/Core/main.o
 .debug_macro   0x0001be7b       0x5c ./Application/User/Core/main.o
 .debug_macro   0x0001bed7      0x980 ./Application/User/Core/main.o
 .debug_macro   0x0001c857      0x9e9 ./Application/User/Core/main.o
 .debug_macro   0x0001d240      0x115 ./Application/User/Core/main.o
 .debug_macro   0x0001d355      0x13e ./Application/User/Core/main.o
 .debug_macro   0x0001d493       0xa5 ./Application/User/Core/main.o
 .debug_macro   0x0001d538      0x174 ./Application/User/Core/main.o
 .debug_macro   0x0001d6ac      0x287 ./Application/User/Core/main.o
 .debug_macro   0x0001d933       0x5f ./Application/User/Core/main.o
 .debug_macro   0x0001d992      0x236 ./Application/User/Core/main.o
 .debug_macro   0x0001dbc8      0x12c ./Application/User/Core/main.o
 .debug_macro   0x0001dcf4      0x21e ./Application/User/Core/main.o
 .debug_macro   0x0001df12       0x2e ./Application/User/Core/main.o
 .debug_macro   0x0001df40      0x1a7 ./Application/User/Core/main.o
 .debug_macro   0x0001e0e7       0x46 ./Application/User/Core/main.o
 .debug_macro   0x0001e12d       0x4a ./Application/User/Core/main.o
 .debug_macro   0x0001e177      0x127 ./Application/User/Core/main.o
 .debug_macro   0x0001e29e       0x7e ./Application/User/Core/main.o
 .debug_macro   0x0001e31c       0x89 ./Application/User/Core/main.o
 .debug_macro   0x0001e3a5      0x225 ./Application/User/Core/main.o
 .debug_macro   0x0001e5ca      0x2aa ./Application/User/Core/main.o
 .debug_macro   0x0001e874      0x12d ./Application/User/Core/main.o
 .debug_macro   0x0001e9a1      0x166 ./Application/User/Core/main.o
 .debug_macro   0x0001eb07       0x61 ./Application/User/Core/main.o
 .debug_macro   0x0001eb68       0x2a ./Application/User/Core/main.o
 .debug_macro   0x0001eb92       0x43 ./Application/User/Core/main.o
 .debug_macro   0x0001ebd5       0x34 ./Application/User/Core/main.o
 .debug_macro   0x0001ec09      0x364 ./Application/User/Core/main.o
 .debug_macro   0x0001ef6d       0x16 ./Application/User/Core/main.o
 .debug_macro   0x0001ef83       0x4a ./Application/User/Core/main.o
 .debug_macro   0x0001efcd       0x34 ./Application/User/Core/main.o
 .debug_macro   0x0001f001       0x10 ./Application/User/Core/main.o
 .debug_macro   0x0001f011       0x58 ./Application/User/Core/main.o
 .debug_macro   0x0001f069       0x8e ./Application/User/Core/main.o
 .debug_macro   0x0001f0f7       0x1c ./Application/User/Core/main.o
 .debug_macro   0x0001f113      0x17e ./Application/User/Core/main.o
 .debug_macro   0x0001f291       0x10 ./Application/User/Core/main.o
 .debug_macro   0x0001f2a1       0x3c ./Application/User/Core/main.o
 .debug_macro   0x0001f2dd       0x20 ./Application/User/Core/main.o
 .debug_macro   0x0001f2fd      0x1ec ./Application/User/Core/stm32f4xx_hal_msp.o
 .debug_macro   0x0001f4e9      0x1f6 ./Application/User/Core/stm32f4xx_it.o
 .debug_macro   0x0001f6df      0x1dd ./Drivers/CMSIS/system_stm32f4xx.o
 .debug_macro   0x0001f8bc      0x23d ./Drivers/STM32F4xx_HAL_Driver/stm32f4xx_hal.o
 .debug_macro   0x0001faf9      0x1dd ./Drivers/STM32F4xx_HAL_Driver/stm32f4xx_hal_cortex.o
 .debug_macro   0x0001fcd6      0x1e3 ./Drivers/STM32F4xx_HAL_Driver/stm32f4xx_hal_dma.o
 .debug_macro   0x0001feb9      0x1e3 ./Drivers/STM32F4xx_HAL_Driver/stm32f4xx_hal_gpio.o
 .debug_macro   0x0002009c      0x1e5 ./Drivers/STM32F4xx_HAL_Driver/stm32f4xx_hal_i2s.o
 .debug_macro   0x00020281      0x1dd ./Drivers/STM32F4xx_HAL_Driver/stm32f4xx_hal_i2s_ex.o
 .debug_macro   0x0002045e      0x201 ./Drivers/STM32F4xx_HAL_Driver/stm32f4xx_hal_rcc.o
 .debug_macro   0x0002065f      0x1dd ./Drivers/STM32F4xx_HAL_Driver/stm32f4xx_hal_rcc_ex.o
 .debug_macro   0x0002083c      0x1ec ./Drivers/STM32F4xx_HAL_Driver/stm32f4xx_hal_spi.o
 .debug_macro   0x00020a28      0x1de ./Drivers/STM32F4xx_HAL_Driver/stm32f4xx_hal_uart.o

.debug_line     0x00000000     0xdfc6
 .debug_line    0x00000000      0xb7d ./Application/User/Core/main.o
 .debug_line    0x00000b7d      0x941 ./Application/User/Core/stm32f4xx_hal_msp.o
 .debug_line    0x000014be      0x8e3 ./Application/User/Core/stm32f4xx_it.o
 .debug_line    0x00001da1       0x7a ./Application/User/Startup/startup_stm32f407vgtx.o
 .debug_line    0x00001e1b      0x84a ./Drivers/CMSIS/system_stm32f4xx.o
 .debug_line    0x00002665      0xac9 ./Drivers/STM32F4xx_HAL_Driver/stm32f4xx_hal.o
 .debug_line    0x0000312e      0xd96 ./Drivers/STM32F4xx_HAL_Driver/stm32f4xx_hal_cortex.o
 .debug_line    0x00003ec4     0x1032 ./Drivers/STM32F4xx_HAL_Driver/stm32f4xx_hal_dma.o
 .debug_line    0x00004ef6      0xc1b ./Drivers/STM32F4xx_HAL_Driver/stm32f4xx_hal_gpio.o
 .debug_line    0x00005b11     0x141e ./Drivers/STM32F4xx_HAL_Driver/stm32f4xx_hal_i2s.o
 .debug_line    0x00006f2f     0x131e ./Drivers/STM32F4xx_HAL_Driver/stm32f4xx_hal_i2s_ex.o
 .debug_line    0x0000824d      0xed5 ./Drivers/STM32F4xx_HAL_Driver/stm32f4xx_hal_rcc.o
 .debug_line    0x00009122      0xb35 ./Drivers/STM32F4xx_HAL_Driver/stm32f4xx_hal_rcc_ex.o
 .debug_line    0x00009c57     0x1d61 ./Drivers/STM32F4xx_HAL_Driver/stm32f4xx_hal_spi.o
 .debug_line    0x0000b9b8     0x260e ./Drivers/STM32F4xx_HAL_Driver/stm32f4xx_hal_uart.o

.debug_str      0x00000000    0xc67b1
 .debug_str     0x00000000    0xc67b1 ./Application/User/Core/main.o
                              0xc4231 (size before relaxing)
 .debug_str     0x000c67b1    0xc0f5b ./Application/User/Core/stm32f4xx_hal_msp.o
 .debug_str     0x000c67b1    0xc056d ./Application/User/Core/stm32f4xx_it.o
 .debug_str     0x000c67b1       0xca ./Application/User/Startup/startup_stm32f407vgtx.o
 .debug_str     0x000c67b1    0xbfbaa ./Drivers/CMSIS/system_stm32f4xx.o
 .debug_str     0x000c67b1    0xc072e ./Drivers/STM32F4xx_HAL_Driver/stm32f4xx_hal.o
 .debug_str     0x000c67b1    0xc04aa ./Drivers/STM32F4xx_HAL_Driver/stm32f4xx_hal_cortex.o
 .debug_str     0x000c67b1    0xbffc4 ./Drivers/STM32F4xx_HAL_Driver/stm32f4xx_hal_dma.o
 .debug_str     0x000c67b1    0xbfd25 ./Drivers/STM32F4xx_HAL_Driver/stm32f4xx_hal_gpio.o
 .debug_str     0x000c67b1    0xc019b ./Drivers/STM32F4xx_HAL_Driver/stm32f4xx_hal_i2s.o
 .debug_str     0x000c67b1    0xc009d ./Drivers/STM32F4xx_HAL_Driver/stm32f4xx_hal_i2s_ex.o
 .debug_str     0x000c67b1    0xbffde ./Drivers/STM32F4xx_HAL_Driver/stm32f4xx_hal_rcc.o
 .debug_str     0x000c67b1    0xbfcfc ./Drivers/STM32F4xx_HAL_Driver/stm32f4xx_hal_rcc_ex.o
 .debug_str     0x000c67b1    0xc0468 ./Drivers/STM32F4xx_HAL_Driver/stm32f4xx_hal_spi.o
 .debug_str     0x000c67b1    0xc05bf ./Drivers/STM32F4xx_HAL_Driver/stm32f4xx_hal_uart.o

.comment        0x00000000       0x43
 .comment       0x00000000       0x43 ./Application/User/Core/main.o
                                 0x44 (size before relaxing)
 .comment       0x00000043       0x44 ./Application/User/Core/stm32f4xx_hal_msp.o
 .comment       0x00000043       0x44 ./Application/User/Core/stm32f4xx_it.o
 .comment       0x00000043       0x44 ./Drivers/CMSIS/system_stm32f4xx.o
 .comment       0x00000043       0x44 ./Drivers/STM32F4xx_HAL_Driver/stm32f4xx_hal.o
 .comment       0x00000043       0x44 ./Drivers/STM32F4xx_HAL_Driver/stm32f4xx_hal_cortex.o
 .comment       0x00000043       0x44 ./Drivers/STM32F4xx_HAL_Driver/stm32f4xx_hal_dma.o
 .comment       0x00000043       0x44 ./Drivers/STM32F4xx_HAL_Driver/stm32f4xx_hal_gpio.o
 .comment       0x00000043       0x44 ./Drivers/STM32F4xx_HAL_Driver/stm32f4xx_hal_i2s.o
 .comment       0x00000043       0x44 ./Drivers/STM32F4xx_HAL_Driver/stm32f4xx_hal_i2s_ex.o
 .comment       0x00000043       0x44 ./Drivers/STM32F4xx_HAL_Driver/stm32f4xx_hal_rcc.o
 .comment       0x00000043       0x44 ./Drivers/STM32F4xx_HAL_Driver/stm32f4xx_hal_rcc_ex.o
 .comment       0x00000043       0x44 ./Drivers/STM32F4xx_HAL_Driver/stm32f4xx_hal_spi.o
 .comment       0x00000043       0x44 ./Drivers/STM32F4xx_HAL_Driver/stm32f4xx_hal_uart.o

.debug_frame    0x00000000     0x2a04
 .debug_frame   0x00000000      0x150 ./Application/User/Core/main.o
 .debug_frame   0x00000150      0x10c ./Application/User/Core/stm32f4xx_hal_msp.o
 .debug_frame   0x0000025c      0x168 ./Application/User/Core/stm32f4xx_it.o
 .debug_frame   0x000003c4       0x50 ./Drivers/CMSIS/system_stm32f4xx.o
 .debug_frame   0x00000414      0x31c ./Drivers/STM32F4xx_HAL_Driver/stm32f4xx_hal.o
 .debug_frame   0x00000730      0x4b8 ./Drivers/STM32F4xx_HAL_Driver/stm32f4xx_hal_cortex.o
 .debug_frame   0x00000be8      0x230 ./Drivers/STM32F4xx_HAL_Driver/stm32f4xx_hal_dma.o
 .debug_frame   0x00000e18      0x130 ./Drivers/STM32F4xx_HAL_Driver/stm32f4xx_hal_gpio.o
 .debug_frame   0x00000f48      0x450 ./Drivers/STM32F4xx_HAL_Driver/stm32f4xx_hal_i2s.o
 .debug_frame   0x00001398      0x214 ./Drivers/STM32F4xx_HAL_Driver/stm32f4xx_hal_i2s_ex.o
 .debug_frame   0x000015ac      0x1d8 ./Drivers/STM32F4xx_HAL_Driver/stm32f4xx_hal_rcc.o
 .debug_frame   0x00001784       0xe8 ./Drivers/STM32F4xx_HAL_Driver/stm32f4xx_hal_rcc_ex.o
 .debug_frame   0x0000186c      0x7e0 ./Drivers/STM32F4xx_HAL_Driver/stm32f4xx_hal_spi.o
 .debug_frame   0x0000204c      0x8ec ./Drivers/STM32F4xx_HAL_Driver/stm32f4xx_hal_uart.o
 .debug_frame   0x00002938       0x20 C:/ST/STM32CubeIDE_2.1.1/STM32CubeIDE/plugins/com.st.stm32cube.ide.mcu.externaltools.gnu-tools-for-stm32.14.3.rel1.win32_1.0.100.202602081740/tools/bin/../lib/gcc/arm-none-eabi/14.3.1/../../../../arm-none-eabi/lib/thumb/v7e-m+fp/hard\libc_nano.a(libc_a-memset.o)
 .debug_frame   0x00002958       0x2c C:/ST/STM32CubeIDE_2.1.1/STM32CubeIDE/plugins/com.st.stm32cube.ide.mcu.externaltools.gnu-tools-for-stm32.14.3.rel1.win32_1.0.100.202602081740/tools/bin/../lib/gcc/arm-none-eabi/14.3.1/../../../../arm-none-eabi/lib/thumb/v7e-m+fp/hard\libc_nano.a(libc_a-init.o)
 .debug_frame   0x00002984       0x20 C:/ST/STM32CubeIDE_2.1.1/STM32CubeIDE/plugins/com.st.stm32cube.ide.mcu.externaltools.gnu-tools-for-stm32.14.3.rel1.win32_1.0.100.202602081740/tools/bin/../lib/gcc/arm-none-eabi/14.3.1/../../../../arm-none-eabi/lib/thumb/v7e-m+fp/hard\libc_nano.a(libc_a-strlen.o)
 .debug_frame   0x000029a4       0x2c C:/ST/STM32CubeIDE_2.1.1/STM32CubeIDE/plugins/com.st.stm32cube.ide.mcu.externaltools.gnu-tools-for-stm32.14.3.rel1.win32_1.0.100.202602081740/tools/bin/../lib/gcc/arm-none-eabi/14.3.1/thumb/v7e-m+fp/hard\libgcc.a(_aeabi_uldivmod.o)
 .debug_frame   0x000029d0       0x34 C:/ST/STM32CubeIDE_2.1.1/STM32CubeIDE/plugins/com.st.stm32cube.ide.mcu.externaltools.gnu-tools-for-stm32.14.3.rel1.win32_1.0.100.202602081740/tools/bin/../lib/gcc/arm-none-eabi/14.3.1/thumb/v7e-m+fp/hard\libgcc.a(_udivmoddi4.o)

.debug_line_str
                0x00000000       0xae
 .debug_line_str
                0x00000000       0xae ./Application/User/Startup/startup_stm32f407vgtx.o
