C:/Users/mario/OneDrive/Área de Trabalho/Embarcados/AtividadeEmbarcados/Core/Src/main.c:60:6:software_pwm	1
C:/Users/mario/OneDrive/Área de Trabalho/Embarcados/AtividadeEmbarcados/Core/Src/main.c:80:5:main	1
C:/Users/mario/OneDrive/Área de Trabalho/Embarcados/AtividadeEmbarcados/Core/Src/main.c:126:6:SystemClock_Config	4
C:/Users/mario/OneDrive/Área de Trabalho/Embarcados/AtividadeEmbarcados/Core/Src/main.c:176:13:MX_USART2_UART_Init	2
C:/Users/mario/OneDrive/Área de Trabalho/Embarcados/AtividadeEmbarcados/Core/Src/main.c:211:13:MX_GPIO_Init	1
C:/Users/mario/OneDrive/Área de Trabalho/Embarcados/AtividadeEmbarcados/Core/Src/main.c:253:6:Error_Handler	1
