C:/Users/mario/OneDrive/Área de Trabalho/Embarcados/AtividadeEmbarcados/Core/Src/main.c:60:6:software_pwm	32	static
C:/Users/mario/OneDrive/Área de Trabalho/Embarcados/AtividadeEmbarcados/Core/Src/main.c:80:5:main	8	static
C:/Users/mario/OneDrive/Área de Trabalho/Embarcados/AtividadeEmbarcados/Core/Src/main.c:126:6:SystemClock_Config	96	static
C:/Users/mario/OneDrive/Área de Trabalho/Embarcados/AtividadeEmbarcados/Core/Src/main.c:176:13:MX_USART2_UART_Init	8	static
C:/Users/mario/OneDrive/Área de Trabalho/Embarcados/AtividadeEmbarcados/Core/Src/main.c:211:13:MX_GPIO_Init	48	static
C:/Users/mario/OneDrive/Área de Trabalho/Embarcados/AtividadeEmbarcados/Core/Src/main.c:253:6:Error_Handler	4	static,ignoring_inline_asm
