C:/Users/mario/OneDrive/Área de Trabalho/Embarcados/AtividadeEmbarcados/Core/Src/main.c:77:6:led_blink	32	static
C:/Users/mario/OneDrive/Área de Trabalho/Embarcados/AtividadeEmbarcados/Core/Src/main.c:95:5:main	8	static
C:/Users/mario/OneDrive/Área de Trabalho/Embarcados/AtividadeEmbarcados/Core/Src/main.c:140:6:SystemClock_Config	96	static
C:/Users/mario/OneDrive/Área de Trabalho/Embarcados/AtividadeEmbarcados/Core/Src/main.c:190:13:MX_USART2_UART_Init	8	static
C:/Users/mario/OneDrive/Área de Trabalho/Embarcados/AtividadeEmbarcados/Core/Src/main.c:225:13:MX_GPIO_Init	48	static
C:/Users/mario/OneDrive/Área de Trabalho/Embarcados/AtividadeEmbarcados/Core/Src/main.c:264:6:HAL_GPIO_EXTI_Callback	16	static,ignoring_inline_asm
C:/Users/mario/OneDrive/Área de Trabalho/Embarcados/AtividadeEmbarcados/Core/Src/main.c:279:6:Error_Handler	4	static,ignoring_inline_asm
