C:/Users/mario/OneDrive/Área de Trabalho/Embarcados/AtividadeEmbarcados/Core/Src/main.c:77:6:led_blink	1
C:/Users/mario/OneDrive/Área de Trabalho/Embarcados/AtividadeEmbarcados/Core/Src/main.c:95:5:main	1
C:/Users/mario/OneDrive/Área de Trabalho/Embarcados/AtividadeEmbarcados/Core/Src/main.c:140:6:SystemClock_Config	4
C:/Users/mario/OneDrive/Área de Trabalho/Embarcados/AtividadeEmbarcados/Core/Src/main.c:190:13:MX_USART2_UART_Init	2
C:/Users/mario/OneDrive/Área de Trabalho/Embarcados/AtividadeEmbarcados/Core/Src/main.c:225:13:MX_GPIO_Init	1
C:/Users/mario/OneDrive/Área de Trabalho/Embarcados/AtividadeEmbarcados/Core/Src/main.c:264:6:HAL_GPIO_EXTI_Callback	2
C:/Users/mario/OneDrive/Área de Trabalho/Embarcados/AtividadeEmbarcados/Core/Src/main.c:279:6:Error_Handler	1
